<html>
<body>
<pre>
<h1>µVision Build Log</h1>
<h2>Project:</h2>
C:\Users\Francisco\Dropbox\Fall 2014\EE445L\LaunchPadware\PeriodicTimer0AInts_4C123\PeriodicTimer0AInts.uvproj
Project File Date:  09/24/2014

<h2>Output:</h2>
Rebuild target 'PeriodicTimer0AInts'
assembling startup.s...
compiling PeriodicTimer0AInts.c...
compiling Timer0A.c...
compiling PLL.c...
compiling PeriodMeasure.c...
compiling motor.c...
compiling PWMtest.c...
compiling ST7735.c...
compiling switch.c...
compiling SysTick.c...
linking...
Program Size: Code=1468 RO-data=64 RW-data=16 ZI-data=1120  
".\PeriodicTimer0AInts.axf" - 0 Error(s), 0 Warning(s).
</pre>
</body>
</html>
